// Jest Snapshot v1, https://goo.gl/fbAQLP

exports[`test3 1`] = `
<div
  className="Board"
>
  <nav
    className="navbar navbar-expand-lg navbar-light fixed-top"
  >
    <div
      className="container"
    >
      <a
        className="navbar-brand"
        href="/User/Board"
        onClick={[Function]}
      >
        QuestBoard
      </a>
      <div
        className="collapse navbar-collapse"
        id="navbarToggler"
      >
        <ul
          className="navbar-nav ml-auto"
        >
          <li
            className="nav-item"
          >
            <a
              className="nav-link"
              href="/User/Board"
              onClick={[Function]}
            >
              My Boards
            </a>
          </li>
          <li
            className="nav-item"
          >
            <a
              className="nav-link"
              href="/User/CreateBoard"
              onClick={[Function]}
            >
              Create Board
            </a>
          </li>
          <li
            className="nav-item"
          >
            <a
              className="nav-link"
              href="/User/JoinBoard"
              onClick={[Function]}
            >
              Join Board
            </a>
          </li>
        </ul>
      </div>
    </div>
  </nav>
  <div
    className="menu-wrapper"
  >
    <div
      className="menu"
      style={
        Object {
          "overflowY": "auto",
        }
      }
    >
      <form
        onSubmit={[Function]}
      >
        <h3>
          Create Board
        </h3>
        <div
          className="form-group"
        >
          <label>
            Board Name
          </label>
          <input
            className="form-control"
            id="boardName"
            onChange={[Function]}
            placeholder="Name"
            type="text"
          />
          <label
            style={
              Object {
                "paddingLeft": 0,
                "paddingTop": 15,
              }
            }
          >
            Board Columns
          </label>
          <button
            className="btn"
            onClick={[Function]}
            type="button"
            value="add"
          >
            <svg
              aria-hidden={true}
              className="MuiSvgIcon-root"
              focusable="false"
              viewBox="0 0 24 24"
            >
              <path
                d="M19 13h-6v6h-2v-6H5v-2h6V5h2v6h6v2z"
              />
            </svg>
          </button>
          <div
            style={
              Object {
                "paddingLeft": 30,
              }
            }
          >
            <label>
              Column 
              1
            </label>
            <div
              style={
                Object {
                  "display": "block",
                }
              }
            >
              <input
                className="form-control"
                onChange={[Function]}
                placeholder="Name"
                style={
                  Object {
                    "display": "inline",
                    "width": "90%",
                  }
                }
                type="text"
                value=""
              />
              <button
                className="btn"
                onClick={[Function]}
                type="button"
                value="remove"
              >
                <svg
                  aria-hidden={true}
                  className="MuiSvgIcon-root"
                  focusable="false"
                  viewBox="0 0 24 24"
                >
                  <path
                    d="M19 13H5v-2h14v2z"
                  />
                </svg>
              </button>
            </div>
          </div>
          <label>
            Invite others
          </label>
          <div
            className=" react-multi-email  empty"
            onClick={[Function]}
          >
            <span
              data-placeholder={true}
            >
              email
            </span>
            <input
              onBlur={[Function]}
              onChange={[Function]}
              onFocus={[Function]}
              onKeyDown={[Function]}
              onKeyUp={[Function]}
              type="text"
              value=""
            />
          </div>
        </div>
        <button
          className="btn btn-primary btn-block"
          style={
            Object {
              "width": "100%",
            }
          }
          type="submit"
        >
          Submit
        </button>
      </form>
    </div>
  </div>
</div>
`;

exports[`test3 2`] = `
<div
  className="Board"
>
  <nav
    className="navbar navbar-expand-lg navbar-light fixed-top"
  >
    <div
      className="container"
    >
      <a
        className="navbar-brand"
        href="/User/Board"
        onClick={[Function]}
      >
        QuestBoard
      </a>
      <div
        className="collapse navbar-collapse"
        id="navbarToggler"
      >
        <ul
          className="navbar-nav ml-auto"
        >
          <li
            className="nav-item"
          >
            <a
              className="nav-link"
              href="/User/Board"
              onClick={[Function]}
            >
              My Boards
            </a>
          </li>
          <li
            className="nav-item"
          >
            <a
              className="nav-link"
              href="/User/CreateBoard"
              onClick={[Function]}
            >
              Create Board
            </a>
          </li>
          <li
            className="nav-item"
          >
            <a
              className="nav-link"
              href="/User/JoinBoard"
              onClick={[Function]}
            >
              Join Board
            </a>
          </li>
        </ul>
      </div>
    </div>
  </nav>
  <div
    className="menu-wrapper"
  >
    <div
      className="menu"
      style={
        Object {
          "overflowY": "auto",
        }
      }
    >
      <form
        onSubmit={[Function]}
      >
        <h3>
          Create Board
        </h3>
        <div
          className="form-group"
        >
          <label>
            Board Name
          </label>
          <input
            className="form-control"
            id="boardName"
            onChange={[Function]}
            placeholder="Name"
            type="text"
          />
          <label
            style={
              Object {
                "paddingLeft": 0,
                "paddingTop": 15,
              }
            }
          >
            Board Columns
          </label>
          <button
            className="btn"
            onClick={[Function]}
            type="button"
            value="add"
          >
            <svg
              aria-hidden={true}
              className="MuiSvgIcon-root"
              focusable="false"
              viewBox="0 0 24 24"
            >
              <path
                d="M19 13h-6v6h-2v-6H5v-2h6V5h2v6h6v2z"
              />
            </svg>
          </button>
          <div
            style={
              Object {
                "paddingLeft": 30,
              }
            }
          >
            <label>
              Column 
              1
            </label>
            <div
              style={
                Object {
                  "display": "block",
                }
              }
            >
              <input
                className="form-control"
                onChange={[Function]}
                placeholder="Name"
                style={
                  Object {
                    "display": "inline",
                    "width": "90%",
                  }
                }
                type="text"
                value=""
              />
              <button
                className="btn"
                onClick={[Function]}
                type="button"
                value="remove"
              >
                <svg
                  aria-hidden={true}
                  className="MuiSvgIcon-root"
                  focusable="false"
                  viewBox="0 0 24 24"
                >
                  <path
                    d="M19 13H5v-2h14v2z"
                  />
                </svg>
              </button>
            </div>
          </div>
          <label>
            Invite others
          </label>
          <div
            className=" react-multi-email  empty"
            onClick={[Function]}
          >
            <span
              data-placeholder={true}
            >
              email
            </span>
            <input
              onBlur={[Function]}
              onChange={[Function]}
              onFocus={[Function]}
              onKeyDown={[Function]}
              onKeyUp={[Function]}
              type="text"
              value=""
            />
          </div>
        </div>
        <button
          className="btn btn-primary btn-block"
          style={
            Object {
              "width": "100%",
            }
          }
          type="submit"
        >
          Submit
        </button>
      </form>
    </div>
  </div>
</div>
`;
